Searching "MCHO" in test/test.dsx, CaseInsensitive=false
Js_LanceAuto_Produit;\\Jobs\\M3_BT\\Sequenceurs_Lancement:
25:	V1.0.0 - Création MCHO(CGI) le 24/05/2017: Version initiale
Js_LanceRelance_Produit;\\Jobs\\M3_BT\\Sequenceurs_Lancement:
2865:	V1.0.0 - Création MCHO(CGI) le 24/05/2017: Version initiale
